// Jest Snapshot v1, https://goo.gl/fbAQLP

exports[`Home should render correctly when orderedRoutes is empty 1`] = `
<div
  className="wrapper"
>
  <div
    className="wrapper"
  >
    <div
      className="input ant-select-show-search ant-select-auto-complete ant-select ant-select-combobox ant-select-enabled"
      onBlur={[Function]}
      onClick={[Function]}
      onFocus={[Function]}
      onMouseDown={[Function]}
      onMouseOut={[Function]}
      onMouseUp={[Function]}
      onTouchStart={[Function]}
    >
      <div
        aria-autocomplete="list"
        aria-controls="test-uuid"
        aria-expanded={false}
        aria-haspopup="true"
        className="ant-select-selection
            ant-select-selection--single"
        role="combobox"
      >
        <div
          className="ant-select-selection__rendered"
        >
          <div
            className="ant-select-selection__placeholder"
            onClick={[Function]}
            onMouseDown={[Function]}
            style={
              Object {
                "WebkitUserSelect": "none",
                "display": "block",
                "userSelect": "none",
              }
            }
            unselectable="on"
          >
            Choose origin station
          </div>
          <ul>
            <li
              className="ant-select-search ant-select-search--inline"
            >
              <div
                className="ant-select-search__field__wrap"
              >
                <input
                  className="ant-input ant-select-search__field"
                  disabled={false}
                  onChange={[Function]}
                  onKeyDown={[Function]}
                  type="text"
                  value=""
                />
                <span
                  className="ant-select-search__field__mirror"
                >
                  
                   
                </span>
              </div>
            </li>
          </ul>
        </div>
        <span
          className="ant-select-arrow"
          onClick={[Function]}
          style={
            Object {
              "WebkitUserSelect": "none",
              "userSelect": "none",
            }
          }
          unselectable="on"
        >
          <i
            className="anticon anticon-down ant-select-arrow-icon"
          >
            <svg
              aria-hidden="true"
              className=""
              data-icon="down"
              fill="currentColor"
              height="1em"
              viewBox="64 64 896 896"
              width="1em"
            >
              <path
                d="M884 256h-75c-5.1 0-9.9 2.5-12.9 6.6L512 654.2 227.9 262.6c-3-4.1-7.8-6.6-12.9-6.6h-75c-6.5 0-10.3 7.4-6.5 12.7l352.6 486.1c12.8 17.6 39 17.6 51.7 0l352.6-486.1c3.9-5.3.1-12.7-6.4-12.7z"
              />
            </svg>
          </i>
        </span>
      </div>
    </div>
    <div
      className="input ant-select-show-search ant-select-auto-complete ant-select ant-select-combobox ant-select-enabled"
      onBlur={[Function]}
      onClick={[Function]}
      onFocus={[Function]}
      onMouseDown={[Function]}
      onMouseOut={[Function]}
      onMouseUp={[Function]}
      onTouchStart={[Function]}
    >
      <div
        aria-autocomplete="list"
        aria-controls="test-uuid"
        aria-expanded={false}
        aria-haspopup="true"
        className="ant-select-selection
            ant-select-selection--single"
        role="combobox"
      >
        <div
          className="ant-select-selection__rendered"
        >
          <div
            className="ant-select-selection__placeholder"
            onClick={[Function]}
            onMouseDown={[Function]}
            style={
              Object {
                "WebkitUserSelect": "none",
                "display": "block",
                "userSelect": "none",
              }
            }
            unselectable="on"
          >
            Choose destination station
          </div>
          <ul>
            <li
              className="ant-select-search ant-select-search--inline"
            >
              <div
                className="ant-select-search__field__wrap"
              >
                <input
                  className="ant-input ant-select-search__field"
                  disabled={false}
                  onChange={[Function]}
                  onKeyDown={[Function]}
                  type="text"
                  value=""
                />
                <span
                  className="ant-select-search__field__mirror"
                >
                  
                   
                </span>
              </div>
            </li>
          </ul>
        </div>
        <span
          className="ant-select-arrow"
          onClick={[Function]}
          style={
            Object {
              "WebkitUserSelect": "none",
              "userSelect": "none",
            }
          }
          unselectable="on"
        >
          <i
            className="anticon anticon-down ant-select-arrow-icon"
          >
            <svg
              aria-hidden="true"
              className=""
              data-icon="down"
              fill="currentColor"
              height="1em"
              viewBox="64 64 896 896"
              width="1em"
            >
              <path
                d="M884 256h-75c-5.1 0-9.9 2.5-12.9 6.6L512 654.2 227.9 262.6c-3-4.1-7.8-6.6-12.9-6.6h-75c-6.5 0-10.3 7.4-6.5 12.7l352.6 486.1c12.8 17.6 39 17.6 51.7 0l352.6-486.1c3.9-5.3.1-12.7-6.4-12.7z"
              />
            </svg>
          </i>
        </span>
      </div>
    </div>
  </div>
  <div
    className="routes"
  >
    <div
      className="ant-empty"
    >
      <div
        className="ant-empty-image"
      >
        <img
          alt="Please choose origin station and destination station"
          src="data:image/svg+xml;base64,PHN2ZyB3aWR0aD0iMTg0IiBoZWlnaHQ9IjE1MiIgeG1sbnM9Imh0dHA6Ly93d3cudzMub3JnLzIwMDAvc3ZnIj4KICA8ZyBmaWxsPSJub25lIiBmaWxsLXJ1bGU9ImV2ZW5vZGQiPgogICAgPGcgdHJhbnNmb3JtPSJ0cmFuc2xhdGUoMjQgMzEuNjcpIj4KICAgICAgPGVsbGlwc2UgZmlsbC1vcGFjaXR5PSIuOCIgZmlsbD0iI0Y1RjVGNyIgY3g9IjY3Ljc5NyIgY3k9IjEwNi44OSIgcng9IjY3Ljc5NyIgcnk9IjEyLjY2OCIvPgogICAgICA8cGF0aCBkPSJNMTIyLjAzNCA2OS42NzRMOTguMTA5IDQwLjIyOWMtMS4xNDgtMS4zODYtMi44MjYtMi4yMjUtNC41OTMtMi4yMjVoLTUxLjQ0Yy0xLjc2NiAwLTMuNDQ0LjgzOS00LjU5MiAyLjIyNUwxMy41NiA2OS42NzR2MTUuMzgzaDEwOC40NzVWNjkuNjc0eiIgZmlsbD0iI0FFQjhDMiIvPgogICAgICA8cGF0aCBkPSJNMTAxLjUzNyA4Ni4yMTRMODAuNjMgNjEuMTAyYy0xLjAwMS0xLjIwNy0yLjUwNy0xLjg2Ny00LjA0OC0xLjg2N0gzMS43MjRjLTEuNTQgMC0zLjA0Ny42Ni00LjA0OCAxLjg2N0w2Ljc2OSA4Ni4yMTR2MTMuNzkyaDk0Ljc2OFY4Ni4yMTR6IiBmaWxsPSJ1cmwoI2xpbmVhckdyYWRpZW50LTEpIiB0cmFuc2Zvcm09InRyYW5zbGF0ZSgxMy41NikiLz4KICAgICAgPHBhdGggZD0iTTMzLjgzIDBoNjcuOTMzYTQgNCAwIDAgMSA0IDR2OTMuMzQ0YTQgNCAwIDAgMS00IDRIMzMuODNhNCA0IDAgMCAxLTQtNFY0YTQgNCAwIDAgMSA0LTR6IiBmaWxsPSIjRjVGNUY3Ii8+CiAgICAgIDxwYXRoIGQ9Ik00Mi42NzggOS45NTNoNTAuMjM3YTIgMiAwIDAgMSAyIDJWMzYuOTFhMiAyIDAgMCAxLTIgMkg0Mi42NzhhMiAyIDAgMCAxLTItMlYxMS45NTNhMiAyIDAgMCAxIDItMnpNNDIuOTQgNDkuNzY3aDQ5LjcxM2EyLjI2MiAyLjI2MiAwIDEgMSAwIDQuNTI0SDQyLjk0YTIuMjYyIDIuMjYyIDAgMCAxIDAtNC41MjR6TTQyLjk0IDYxLjUzaDQ5LjcxM2EyLjI2MiAyLjI2MiAwIDEgMSAwIDQuNTI1SDQyLjk0YTIuMjYyIDIuMjYyIDAgMCAxIDAtNC41MjV6TTEyMS44MTMgMTA1LjAzMmMtLjc3NSAzLjA3MS0zLjQ5NyA1LjM2LTYuNzM1IDUuMzZIMjAuNTE1Yy0zLjIzOCAwLTUuOTYtMi4yOS02LjczNC01LjM2YTcuMzA5IDcuMzA5IDAgMCAxLS4yMjItMS43OVY2OS42NzVoMjYuMzE4YzIuOTA3IDAgNS4yNSAyLjQ0OCA1LjI1IDUuNDJ2LjA0YzAgMi45NzEgMi4zNyA1LjM3IDUuMjc3IDUuMzdoMzQuNzg1YzIuOTA3IDAgNS4yNzctMi40MjEgNS4yNzctNS4zOTNWNzUuMWMwLTIuOTcyIDIuMzQzLTUuNDI2IDUuMjUtNS40MjZoMjYuMzE4djMzLjU2OWMwIC42MTctLjA3NyAxLjIxNi0uMjIxIDEuNzg5eiIgZmlsbD0iI0RDRTBFNiIvPgogICAgPC9nPgogICAgPHBhdGggZD0iTTE0OS4xMjEgMzMuMjkybC02LjgzIDIuNjVhMSAxIDAgMCAxLTEuMzE3LTEuMjNsMS45MzctNi4yMDdjLTIuNTg5LTIuOTQ0LTQuMTA5LTYuNTM0LTQuMTA5LTEwLjQwOEMxMzguODAyIDguMTAyIDE0OC45MiAwIDE2MS40MDIgMCAxNzMuODgxIDAgMTg0IDguMTAyIDE4NCAxOC4wOTdjMCA5Ljk5NS0xMC4xMTggMTguMDk3LTIyLjU5OSAxOC4wOTctNC41MjggMC04Ljc0NC0xLjA2Ni0xMi4yOC0yLjkwMnoiIGZpbGw9IiNEQ0UwRTYiLz4KICAgIDxnIHRyYW5zZm9ybT0idHJhbnNsYXRlKDE0OS42NSAxNS4zODMpIiBmaWxsPSIjRkZGIj4KICAgICAgPGVsbGlwc2UgY3g9IjIwLjY1NCIgY3k9IjMuMTY3IiByeD0iMi44NDkiIHJ5PSIyLjgxNSIvPgogICAgICA8cGF0aCBkPSJNNS42OTggNS42M0gwTDIuODk4LjcwNHpNOS4yNTkuNzA0aDQuOTg1VjUuNjNIOS4yNTl6Ii8+CiAgICA8L2c+CiAgPC9nPgo8L3N2Zz4K"
        />
      </div>
      <p
        className="ant-empty-description"
      >
        Please choose origin station and destination station
      </p>
    </div>
  </div>
</div>
`;
